// Jest Snapshot v1, https://jestjs.io/docs/snapshot-testing

exports[`ru locale matches snapshot 1`] = `
{
  "Groups": {
    "addProduct": "Добавить продукт",
    "layout": {
      "description": "Группы - описание",
      "title": "Группы",
    },
    "title": "Группы",
  },
  "LocaleSwitcher": {
    "label": "Выбрать язык",
    "locale": "{locale, select, ru {Русский} ua {Украинский} en {Английский} other {Unknown}}",
  },
  "Login": {
    "layout": {
      "description": "Авторизоваться - описание",
      "title": "Авторизоваться",
    },
    "title": "Авторизоваться",
  },
  "Navigation": {
    "groups": "Группы",
    "orders": "Приходы",
    "products": "Продукты",
    "settings": "Настройки",
    "users": "Пользователи",
  },
  "Orders": {
    "layout": {
      "description": "Приходы - описание",
      "title": "Приходы",
    },
    "title": "Приходы",
  },
  "Products": {
    "filter": {
      "specification": {
        "label": "Спецификация:",
        "option": {
          "monitor": "Монитор",
          "phone": "Телефон",
        },
      },
      "type": {
        "label": "Тип:",
        "option": {
          "monitor": "Монитор",
          "phone": "Телефон",
        },
      },
    },
    "guarantee": {
      "from": "с",
      "to": "по",
    },
    "layout": {
      "description": "Продукты - описание",
      "title": "Продукты",
    },
    "title": "Продукты",
  },
  "Registration": {
    "description": "Пожалуйста заполните все поля",
    "form": {
      "email": {
        "errors": {
          "required": "Пожалуйста, введите электронную почту!",
        },
        "label": "Электронная почта",
        "placeholder": "Введите электронную почту",
      },
      "password": {
        "errors": {
          "maxLength": "Длина должна быть не более 20 символов",
          "minLength": "Длина должна быть не менее 6 символов",
          "required": "Пожалуйста, введите пароль!",
        },
        "label": "Пароль",
        "placeholder": "Введите пароль",
      },
      "userName": {
        "errors": {
          "required": "Пожалуйста, введите свое имя пользователя!",
        },
        "label": "Имя пользователя",
        "placeholder": "Введите имя пользователя",
      },
    },
    "layout": {
      "description": "Регистрация - описание",
      "title": "Регистрация",
    },
    "title": "Регистрация",
  },
  "Settings": {
    "layout": {
      "description": "Настройки - описание",
      "title": "Настройки",
    },
    "title": "Настройки",
  },
  "Users": {
    "layout": {
      "description": "Пользователи - описание",
      "title": "Пользователи",
    },
    "title": "Пользователи",
  },
  "shared": {
    "add": "Добавить",
    "cancel": "Отменить",
    "confirm": "Подтвердить",
    "create": "Создать",
    "delete": "Удалить",
    "email": "Електронная почта",
    "logIn": "Авторизоваться",
    "logout": "Выйти",
    "modal": {
      "removeParish": {
        "title": "Вы уверены, что хотите удалить этот приход?",
      },
      "removeProduct": {
        "title": "Вы уверены, что хотите удалить этот продукт?",
      },
    },
    "next": "Следующий",
    "password": "Пароль",
    "previous": "Предыдущий",
    "profile": "Профиль",
    "save": "Сохранять",
    "search": "Поиск",
    "settings": "Настройки",
    "signUp": "Регистрация",
    "status": {
      "free": "В наличии",
      "new": "Новый",
      "repair": "Ремонт",
      "reserved": "Зарезервировано",
      "sold": "Продан",
      "used": "Б/У",
    },
  },
}
`;
