// Jest Snapshot v1, https://jestjs.io/docs/snapshot-testing

exports[`routes constants match snapshot 1`] = `
{
  "groupsRoute": "/groups",
  "loginRoute": "/",
  "ordersRoute": "/orders",
  "productsRoute": "/products",
  "registrationRoute": "/registration",
  "settingsRoute": "/settings",
  "usersRoute": "/users",
}
`;
